// Jest Snapshot v1, https://goo.gl/fbAQLP

exports[`Home 1`] = `
<div
  style={
    Object {
      "display": "flex",
    }
  }
>
  <div
    style={
      Object {
        "marginRight": "20px",
      }
    }
  >
    <h1>
      Hello, World!
    </h1>
    <hr />
    <ul
      className="ul"
    >
      <li>
        <a
          href="/"
          onClick={[Function]}
        >
          Home
        </a>
      </li>
      <li>
        <a
          href="/page1/1/2"
          onClick={[Function]}
        >
          Page1
        </a>
      </li>
      <li>
        <a
          href="/page2"
          onClick={[Function]}
        >
          Page2
        </a>
      </li>
    </ul>
  </div>
</div>
`;
